contig	position	ID	REF	ALT	QUAL	filter	INFO	format	tumor	normal	t_depth	t_alt_count	t_ref_count	n_depth	n_alt_count	n_ref_count	genomic_coord_x	tau	f_acs	p_somatic_given_TiN	p_outlier
1	2113272	.	T	G	.	alt_allele_in_normal	ECNT=1;HCNT=2;MAX_ED=.;MIN_ED=.;NLOD=6.83;TLOD=9.77	GT:AD:AF:ALT_F1R2:ALT_F2R1:FOXOG:QSS:REF_F1R2:REF_F2R1	0/1:141,42:0.176:14:28:0.333:4083,356:64:77	0/0:131,26:0.195:7:19:0.269:3727,203:54:77	183.0	42.0	141.0	157.0	26.0	131.0	2113273	2.2085819581306354	0.5	1.32681313030758e-08	2.408766192805667e-17
12	12044534	.	GAA	G	.	PASS	ECNT=1;HCNT=2;MAX_ED=.;MIN_ED=.;NLOD=7.42;RPA=11,9;RU=A;STR;TLOD=7.86	GT:AD:AF:ALT_F1R2:ALT_F2R1:FOXOG:QSS:REF_F1R2:REF_F2R1	0/1:8,8:0.054:2:6:.:0,230:0:0	0/0:63,2:9.390e-03:1:0:.:0,35:0:0	16.0	8.0	8.0	65.0	2.0	63.0	1962958940	1.705073212803389	0.00138193	0.999999402305295	0.3992860519480763
19	15353830	.	T	G	.	PASS	ECNT=1;HCNT=10;MAX_ED=.;MIN_ED=.;NLOD=8.03;TLOD=9.17	GT:AD:AF:ALT_F1R2:ALT_F2R1:FOXOG:QSS:REF_F1R2:REF_F2R1	0/1:249,30:0.116:15:15:0.500:6840,315:98:151	0/0:67,8:0.118:5:3:0.625:1893,19:28:39	279.0	30.0	249.0	75.0	8.0	67.0	2674798152	15.769856611238437	0.10872868	0.005677726209196607	0.005908707253965282
20	57429568	rs77059021	A	C	.	alt_allele_in_normal	DB;ECNT=1;HCNT=1;MAX_ED=.;MIN_ED=.;NLOD=44.79;TLOD=7.43	GT:AD:AF:ALT_F1R2:ALT_F2R1:FOXOG:QSS:REF_F1R2:REF_F2R1	0/1:304,49:0.116:35:14:0.286:8510,430:133:171	0/0:330,41:0.133:20:21:0.512:9334,251:134:196	353.0	49.0	304.0	371.0	41.0	330.0	2776002873	2.1631773151493676	0.5	1.1922276524816907e-13	2.0672309665422652e-27
22	30090806	.	A	C	.	alt_allele_in_normal	ECNT=1;HCNT=1;MAX_ED=.;MIN_ED=.;NLOD=18.16;TLOD=23.32	GT:AD:AF:ALT_F1R2:ALT_F2R1:FOXOG:QSS:REF_F1R2:REF_F2R1	0/1:553,132:0.184:65:67:0.508:14906,1141:236:317	0/0:334,71:0.198:43:28:0.394:9027,531:143:191	685.0	132.0	553.0	405.0	71.0	334.0	2859819526	3.151663721513772	0.46184463	3.8263774820500536e-20	1.2719804249995536e-40
22	41573052	.	C	G	.	alt_allele_in_normal	ECNT=2;HCNT=16;MAX_ED=2;MIN_ED=2;NLOD=50.77;TLOD=18.49	GT:AD:AF:ALT_F1R2:ALT_F2R1:FOXOG:PGT:PID:QSS:REF_F1R2:REF_F2R1	0/1:496,45:0.092:9:36:0.800:0|1:41573050_T_G:14595,130:251:245	0/0:367,24:0.088:3:21:0.875:0|1:41573050_T_G:10772,68:187:180	541.0	45.0	496.0	391.0	24.0	367.0	2871301772	2.9206086086628185	0.43529458	1.8221704849337934e-07	1.442379782194169e-13
